Archive member included to satisfy reference by file (symbol)

C:/ST/STM32CubeIDE_2.1.1/STM32CubeIDE/plugins/com.st.stm32cube.ide.mcu.externaltools.gnu-tools-for-stm32.14.3.rel1.win32_1.0.100.202602081740/tools/bin/../lib/gcc/arm-none-eabi/14.3.1/../../../../arm-none-eabi/lib/thumb/v6-m/nofp\libc_nano.a(libc_a-exit.o)
                              C:/ST/STM32CubeIDE_2.1.1/STM32CubeIDE/plugins/com.st.stm32cube.ide.mcu.externaltools.gnu-tools-for-stm32.14.3.rel1.win32_1.0.100.202602081740/tools/bin/../lib/gcc/arm-none-eabi/14.3.1/../../../../arm-none-eabi/lib/thumb/v6-m/nofp/crt0.o (exit)
C:/ST/STM32CubeIDE_2.1.1/STM32CubeIDE/plugins/com.st.stm32cube.ide.mcu.externaltools.gnu-tools-for-stm32.14.3.rel1.win32_1.0.100.202602081740/tools/bin/../lib/gcc/arm-none-eabi/14.3.1/../../../../arm-none-eabi/lib/thumb/v6-m/nofp\libc_nano.a(libc_a-findfp.o)
                              C:/ST/STM32CubeIDE_2.1.1/STM32CubeIDE/plugins/com.st.stm32cube.ide.mcu.externaltools.gnu-tools-for-stm32.14.3.rel1.win32_1.0.100.202602081740/tools/bin/../lib/gcc/arm-none-eabi/14.3.1/../../../../arm-none-eabi/lib/thumb/v6-m/nofp\libc_nano.a(libc_a-exit.o) (__stdio_exit_handler)
C:/ST/STM32CubeIDE_2.1.1/STM32CubeIDE/plugins/com.st.stm32cube.ide.mcu.externaltools.gnu-tools-for-stm32.14.3.rel1.win32_1.0.100.202602081740/tools/bin/../lib/gcc/arm-none-eabi/14.3.1/../../../../arm-none-eabi/lib/thumb/v6-m/nofp\libc_nano.a(libc_a-fwalk.o)
                              C:/ST/STM32CubeIDE_2.1.1/STM32CubeIDE/plugins/com.st.stm32cube.ide.mcu.externaltools.gnu-tools-for-stm32.14.3.rel1.win32_1.0.100.202602081740/tools/bin/../lib/gcc/arm-none-eabi/14.3.1/../../../../arm-none-eabi/lib/thumb/v6-m/nofp\libc_nano.a(libc_a-findfp.o) (_fwalk_sglue)
C:/ST/STM32CubeIDE_2.1.1/STM32CubeIDE/plugins/com.st.stm32cube.ide.mcu.externaltools.gnu-tools-for-stm32.14.3.rel1.win32_1.0.100.202602081740/tools/bin/../lib/gcc/arm-none-eabi/14.3.1/../../../../arm-none-eabi/lib/thumb/v6-m/nofp\libc_nano.a(libc_a-stdio.o)
                              C:/ST/STM32CubeIDE_2.1.1/STM32CubeIDE/plugins/com.st.stm32cube.ide.mcu.externaltools.gnu-tools-for-stm32.14.3.rel1.win32_1.0.100.202602081740/tools/bin/../lib/gcc/arm-none-eabi/14.3.1/../../../../arm-none-eabi/lib/thumb/v6-m/nofp\libc_nano.a(libc_a-findfp.o) (__sread)
C:/ST/STM32CubeIDE_2.1.1/STM32CubeIDE/plugins/com.st.stm32cube.ide.mcu.externaltools.gnu-tools-for-stm32.14.3.rel1.win32_1.0.100.202602081740/tools/bin/../lib/gcc/arm-none-eabi/14.3.1/../../../../arm-none-eabi/lib/thumb/v6-m/nofp\libc_nano.a(libc_a-memset.o)
                              C:/ST/STM32CubeIDE_2.1.1/STM32CubeIDE/plugins/com.st.stm32cube.ide.mcu.externaltools.gnu-tools-for-stm32.14.3.rel1.win32_1.0.100.202602081740/tools/bin/../lib/gcc/arm-none-eabi/14.3.1/../../../../arm-none-eabi/lib/thumb/v6-m/nofp/crt0.o (memset)
C:/ST/STM32CubeIDE_2.1.1/STM32CubeIDE/plugins/com.st.stm32cube.ide.mcu.externaltools.gnu-tools-for-stm32.14.3.rel1.win32_1.0.100.202602081740/tools/bin/../lib/gcc/arm-none-eabi/14.3.1/../../../../arm-none-eabi/lib/thumb/v6-m/nofp\libc_nano.a(libc_a-closer.o)
                              C:/ST/STM32CubeIDE_2.1.1/STM32CubeIDE/plugins/com.st.stm32cube.ide.mcu.externaltools.gnu-tools-for-stm32.14.3.rel1.win32_1.0.100.202602081740/tools/bin/../lib/gcc/arm-none-eabi/14.3.1/../../../../arm-none-eabi/lib/thumb/v6-m/nofp\libc_nano.a(libc_a-stdio.o) (_close_r)
C:/ST/STM32CubeIDE_2.1.1/STM32CubeIDE/plugins/com.st.stm32cube.ide.mcu.externaltools.gnu-tools-for-stm32.14.3.rel1.win32_1.0.100.202602081740/tools/bin/../lib/gcc/arm-none-eabi/14.3.1/../../../../arm-none-eabi/lib/thumb/v6-m/nofp\libc_nano.a(libc_a-reent.o)
                              C:/ST/STM32CubeIDE_2.1.1/STM32CubeIDE/plugins/com.st.stm32cube.ide.mcu.externaltools.gnu-tools-for-stm32.14.3.rel1.win32_1.0.100.202602081740/tools/bin/../lib/gcc/arm-none-eabi/14.3.1/../../../../arm-none-eabi/lib/thumb/v6-m/nofp\libc_nano.a(libc_a-closer.o) (errno)
C:/ST/STM32CubeIDE_2.1.1/STM32CubeIDE/plugins/com.st.stm32cube.ide.mcu.externaltools.gnu-tools-for-stm32.14.3.rel1.win32_1.0.100.202602081740/tools/bin/../lib/gcc/arm-none-eabi/14.3.1/../../../../arm-none-eabi/lib/thumb/v6-m/nofp\libc_nano.a(libc_a-impure.o)
                              C:/ST/STM32CubeIDE_2.1.1/STM32CubeIDE/plugins/com.st.stm32cube.ide.mcu.externaltools.gnu-tools-for-stm32.14.3.rel1.win32_1.0.100.202602081740/tools/bin/../lib/gcc/arm-none-eabi/14.3.1/../../../../arm-none-eabi/lib/thumb/v6-m/nofp\libc_nano.a(libc_a-reent.o) (_impure_ptr)
C:/ST/STM32CubeIDE_2.1.1/STM32CubeIDE/plugins/com.st.stm32cube.ide.mcu.externaltools.gnu-tools-for-stm32.14.3.rel1.win32_1.0.100.202602081740/tools/bin/../lib/gcc/arm-none-eabi/14.3.1/../../../../arm-none-eabi/lib/thumb/v6-m/nofp\libc_nano.a(libc_a-lseekr.o)
[...]
Memory Configuration

Name             Origin             Length             Attributes
RAM              0x20000000         0x00003000         xrw
FLASH            0x08000000         0x00008000         xr
*default*        0x00000000         0xffffffff

Linker script and memory map

LOAD C:/ST/STM32CubeIDE_2.1.1/STM32CubeIDE/plugins/com.st.stm32cube.ide.mcu.externaltools.gnu-tools-for-stm32.14.3.rel1.win32_1.0.100.202602081740/tools/bin/../lib/gcc/arm-none-eabi/14.3.1/thumb/v6-m/nofp/crti.o
LOAD C:/ST/STM32CubeIDE_2.1.1/STM32CubeIDE/plugins/com.st.stm32cube.ide.mcu.externaltools.gnu-tools-for-stm32.14.3.rel1.win32_1.0.100.202602081740/tools/bin/../lib/gcc/arm-none-eabi/14.3.1/thumb/v6-m/nofp/crtbegin.o
LOAD C:/ST/STM32CubeIDE_2.1.1/STM32CubeIDE/plugins/com.st.stm32cube.ide.mcu.externaltools.gnu-tools-for-stm32.14.3.rel1.win32_1.0.100.202602081740/tools/bin/../lib/gcc/arm-none-eabi/14.3.1/../../../../arm-none-eabi/lib/thumb/v6-m/nofp/crt0.o
LOAD ./Core/Src/CLK_CONFIG.o
LOAD ./Core/Src/I2C_DRIVER.o
LOAD ./Core/Src/IMAGES.o
LOAD ./Core/Src/SSD1309_CMD..o
LOAD ./Core/Src/main.o
LOAD ./Core/Src/syscalls.o
LOAD ./Core/Src/sysmem.o
LOAD ./Core/Src/system_stm32c0xx.o
LOAD ./Core/Startup/startup_stm32c031c6tx.o
START GROUP
LOAD C:/ST/STM32CubeIDE_2.1.1/STM32CubeIDE/plugins/com.st.stm32cube.ide.mcu.externaltools.gnu-tools-for-stm32.14.3.rel1.win32_1.0.100.202602081740/tools/bin/../lib/gcc/arm-none-eabi/14.3.1/../../../../arm-none-eabi/lib/thumb/v6-m/nofp\libc_nano.a
LOAD C:/ST/STM32CubeIDE_2.1.1/STM32CubeIDE/plugins/com.st.stm32cube.ide.mcu.externaltools.gnu-tools-for-stm32.14.3.rel1.win32_1.0.100.202602081740/tools/bin/../lib/gcc/arm-none-eabi/14.3.1/../../../../arm-none-eabi/lib/thumb/v6-m/nofp\libm.a
END GROUP
START GROUP
LOAD C:/ST/STM32CubeIDE_2.1.1/STM32CubeIDE/plugins/com.st.stm32cube.ide.mcu.externaltools.gnu-tools-for-stm32.14.3.rel1.win32_1.0.100.202602081740/tools/bin/../lib/gcc/arm-none-eabi/14.3.1/thumb/v6-m/nofp\libgcc.a
LOAD C:/ST/STM32CubeIDE_2.1.1/STM32CubeIDE/plugins/com.st.stm32cube.ide.mcu.externaltools.gnu-tools-for-stm32.14.3.rel1.win32_1.0.100.202602081740/tools/bin/../lib/gcc/arm-none-eabi/14.3.1/../../../../arm-none-eabi/lib/thumb/v6-m/nofp\libc_nano.a
END GROUP
START GROUP
LOAD C:/ST/STM32CubeIDE_2.1.1/STM32CubeIDE/plugins/com.st.stm32cube.ide.mcu.externaltools.gnu-tools-for-stm32.14.3.rel1.win32_1.0.100.202602081740/tools/bin/../lib/gcc/arm-none-eabi/14.3.1/thumb/v6-m/nofp\libgcc.a
LOAD C:/ST/STM32CubeIDE_2.1.1/STM32CubeIDE/plugins/com.st.stm32cube.ide.mcu.externaltools.gnu-tools-for-stm32.14.3.rel1.win32_1.0.100.202602081740/tools/bin/../lib/gcc/arm-none-eabi/14.3.1/../../../../arm-none-eabi/lib/thumb/v6-m/nofp\libc_nano.a
LOAD C:/ST/STM32CubeIDE_2.1.1/STM32CubeIDE/plugins/com.st.stm32cube.ide.mcu.externaltools.gnu-tools-for-stm32.14.3.rel1.win32_1.0.100.202602081740/tools/bin/../lib/gcc/arm-none-eabi/14.3.1/../../../../arm-none-eabi/lib/thumb/v6-m/nofp\libnosys.a
END GROUP
START GROUP
LOAD C:/ST/STM32CubeIDE_2.1.1/STM32CubeIDE/plugins/com.st.stm32cube.ide.mcu.externaltools.gnu-tools-for-stm32.14.3.rel1.win32_1.0.100.202602081740/tools/bin/../lib/gcc/arm-none-eabi/14.3.1/thumb/v6-m/nofp\libgcc.a
LOAD C:/ST/STM32CubeIDE_2.1.1/STM32CubeIDE/plugins/com.st.stm32cube.ide.mcu.externaltools.gnu-tools-for-stm32.14.3.rel1.win32_1.0.100.202602081740/tools/bin/../lib/gcc/arm-none-eabi/14.3.1/../../../../arm-none-eabi/lib/thumb/v6-m/nofp\libc_nano.a
LOAD C:/ST/STM32CubeIDE_2.1.1/STM32CubeIDE/plugins/com.st.stm32cube.ide.mcu.externaltools.gnu-tools-for-stm32.14.3.rel1.win32_1.0.100.202602081740/tools/bin/../lib/gcc/arm-none-eabi/14.3.1/../../../../arm-none-eabi/lib/thumb/v6-m/nofp\libnosys.a
END GROUP
LOAD C:/ST/STM32CubeIDE_2.1.1/STM32CubeIDE/plugins/com.st.stm32cube.ide.mcu.externaltools.gnu-tools-for-stm32.14.3.rel1.win32_1.0.100.202602081740/tools/bin/../lib/gcc/arm-none-eabi/14.3.1/thumb/v6-m/nofp/crtend.o
LOAD C:/ST/STM32CubeIDE_2.1.1/STM32CubeIDE/plugins/com.st.stm32cube.ide.mcu.externaltools.gnu-tools-for-stm32.14.3.rel1.win32_1.0.100.202602081740/tools/bin/../lib/gcc/arm-none-eabi/14.3.1/thumb/v6-m/nofp/crtn.o
                0x20003000                        _estack = (ORIGIN (RAM) + LENGTH (RAM))
                0x00000200                        _Min_Heap_Size = 0x200
                0x00000400                        _Min_Stack_Size = 0x400

.isr_vector     0x08000000       0xc0
                0x08000000                        . = ALIGN (0x4)
 *(.isr_vector)
 .isr_vector    0x08000000       0xc0 ./Core/Startup/startup_stm32c031c6tx.o
                0x08000000                g_pfnVectors
                0x080000c0                        . = ALIGN (0x4)

.text           0x080000c0      0x5b4
                0x080000c0                        . = ALIGN (0x4)
 *(.text)
 .text          0x080000c0       0x48 C:/ST/STM32CubeIDE_2.1.1/STM32CubeIDE/plugins/com.st.stm32cube.ide.mcu.externaltools.gnu-tools-for-stm32.14.3.rel1.win32_1.0.100.202602081740/tools/bin/../lib/gcc/arm-none-eabi/14.3.1/thumb/v6-m/nofp/crtbegin.o
 *(.text*)
 .text.SYS_CLK_CONFIG
                0x08000108       0x68 ./Core/Src/CLK_CONFIG.o
                0x08000108                SYS_CLK_CONFIG
 .text.I2C_CONFIG
                0x08000170      0x118 ./Core/Src/I2C_DRIVER.o
                0x08000170                I2C_CONFIG
 .text.SEND_CMD
                0x08000288       0xe4 ./Core/Src/I2C_DRIVER.o
                0x08000288                SEND_CMD
 .text.SEND_PAGE
                0x0800036c      0x188 ./Core/Src/I2C_DRIVER.o
                0x0800036c                SEND_PAGE
 .text.SSD1309_INIT
                0x080004f4       0x94 ./Core/Src/SSD1309_CMD..o
                0x080004f4                SSD1309_INIT
 .text.main     0x08000588       0x20 ./Core/Src/main.o
                0x08000588                main
 .text.SystemInit
                0x080005a8       0x18 ./Core/Src/system_stm32c0xx.o
                0x080005a8                SystemInit
 .text.Reset_Handler
                0x080005c0       0x50 ./Core/Startup/startup_stm32c031c6tx.o
                0x080005c0                Reset_Handler
 .text.Default_Handler
                0x08000610        0x2 ./Core/Startup/startup_stm32c031c6tx.o
                0x08000610                TIM1_CC_IRQHandler
                0x08000610                HardFault_Handler
                0x08000610                SysTick_Handler
                0x08000610                PendSV_Handler
                0x08000610                NMI_Handler
                0x08000610                I2C1_IRQHandler
                0x08000610                DMAMUX1_IRQHandler
                0x08000610                SPI1_IRQHandler
                0x08000610                EXTI2_3_IRQHandler
                0x08000610                ADC1_IRQHandler
                0x08000610                TIM17_IRQHandler
                0x08000610                RTC_IRQHandler
                0x08000610                TIM16_IRQHandler
                0x08000610                TIM3_IRQHandler
                0x08000610                EXTI4_15_IRQHandler
                0x08000610                RCC_IRQHandler
                0x08000610                DMA1_Channel1_IRQHandler
                0x08000610                Default_Handler
                0x08000610                TIM14_IRQHandler
                0x08000610                EXTI0_1_IRQHandler
                0x08000610                SVC_Handler
                0x08000610                WWDG_IRQHandler
                0x08000610                DMA1_Channel2_3_IRQHandler
                0x08000610                USART2_IRQHandler
                0x08000610                FLASH_IRQHandler
                0x08000610                USART1_IRQHandler
                0x08000610                TIM1_BRK_UP_TRG_COM_IRQHandler
 *fill*         0x08000612        0x2 
 .text.__libc_init_array
                0x08000614       0x48 C:/ST/STM32CubeIDE_2.1.1/STM32CubeIDE/plugins/com.st.stm32cube.ide.mcu.externaltools.gnu-tools-for-stm32.14.3.rel1.win32_1.0.100.202602081740/tools/bin/../lib/gcc/arm-none-eabi/14.3.1/../../../../arm-none-eabi/lib/thumb/v6-m/nofp\libc_nano.a(libc_a-init.o)
                0x08000614                __libc_init_array
 *(.glue_7)
 .glue_7        0x0800065c        0x0 linker stubs
 *(.glue_7t)
 .glue_7t       0x0800065c        0x0 linker stubs
 *(.eh_frame)
 .eh_frame      0x0800065c        0x0 C:/ST/STM32CubeIDE_2.1.1/STM32CubeIDE/plugins/com.st.stm32cube.ide.mcu.externaltools.gnu-tools-for-stm32.14.3.rel1.win32_1.0.100.202602081740/tools/bin/../lib/gcc/arm-none-eabi/14.3.1/thumb/v6-m/nofp/crtbegin.o
 *(.init)
 .init          0x0800065c        0x4 C:/ST/STM32CubeIDE_2.1.1/STM32CubeIDE/plugins/com.st.stm32cube.ide.mcu.externaltools.gnu-tools-for-stm32.14.3.rel1.win32_1.0.100.202602081740/tools/bin/../lib/gcc/arm-none-eabi/14.3.1/thumb/v6-m/nofp/crti.o
                0x0800065c                _init
 .init          0x08000660        0x8 C:/ST/STM32CubeIDE_2.1.1/STM32CubeIDE/plugins/com.st.stm32cube.ide.mcu.externaltools.gnu-tools-for-stm32.14.3.rel1.win32_1.0.100.202602081740/tools/bin/../lib/gcc/arm-none-eabi/14.3.1/thumb/v6-m/nofp/crtn.o
 *(.fini)
 .fini          0x08000668        0x4 C:/ST/STM32CubeIDE_2.1.1/STM32CubeIDE/plugins/com.st.stm32cube.ide.mcu.externaltools.gnu-tools-for-stm32.14.3.rel1.win32_1.0.100.202602081740/tools/bin/../lib/gcc/arm-none-eabi/14.3.1/thumb/v6-m/nofp/crti.o
                0x08000668                _fini
 .fini          0x0800066c        0x8 C:/ST/STM32CubeIDE_2.1.1/STM32CubeIDE/plugins/com.st.stm32cube.ide.mcu.externaltools.gnu-tools-for-stm32.14.3.rel1.win32_1.0.100.202602081740/tools/bin/../lib/gcc/arm-none-eabi/14.3.1/thumb/v6-m/nofp/crtn.o
                0x08000674                        . = ALIGN (0x4)
                0x08000674                        _etext = .

.vfp11_veneer   0x08000674        0x0
 .vfp11_veneer  0x08000674        0x0 linker stubs

.v4_bx          0x08000674        0x0
 .v4_bx         0x08000674        0x0 linker stubs

.iplt           0x08000674        0x0
 .iplt          0x08000674        0x0 C:/ST/STM32CubeIDE_2.1.1/STM32CubeIDE/plugins/com.st.stm32cube.ide.mcu.externaltools.gnu-tools-for-stm32.14.3.rel1.win32_1.0.100.202602081740/tools/bin/../lib/gcc/arm-none-eabi/14.3.1/thumb/v6-m/nofp/crtbegin.o

.rodata         0x08000674      0x400
                0x08000674                        . = ALIGN (0x4)
 *(.rodata)
 *(.rodata*)
 .rodata.smiley_128x64
                0x08000674      0x400 ./Core/Src/IMAGES.o
                0x08000674                smiley_128x64
                0x08000a74                        . = ALIGN (0x4)

.ARM.extab      0x08000a74        0x0
                0x08000a74                        . = ALIGN (0x4)
 *(.ARM.extab* .gnu.linkonce.armextab.*)
                0x08000a74                        . = ALIGN (0x4)

.ARM            0x08000a74        0x0
                0x08000a74                        . = ALIGN (0x4)
                0x08000a74                        __exidx_start = .
 *(.ARM.exidx*)
                0x08000a74                        __exidx_end = .
                0x08000a74                        . = ALIGN (0x4)

.preinit_array  0x08000a74        0x0
                0x08000a74                        . = ALIGN (0x4)
                0x08000a74                        PROVIDE (__preinit_array_start = .)
 *(.preinit_array*)
                0x08000a74                        PROVIDE (__preinit_array_end = .)
                0x08000a74                        . = ALIGN (0x4)

.init_array     0x08000a74        0x4
                0x08000a74                        . = ALIGN (0x4)
                0x08000a74                        PROVIDE (__init_array_start = .)
 *(SORT_BY_NAME(.init_array.*))
 *(.init_array*)
 .init_array    0x08000a74        0x4 C:/ST/STM32CubeIDE_2.1.1/STM32CubeIDE/plugins/com.st.stm32cube.ide.mcu.externaltools.gnu-tools-for-stm32.14.3.rel1.win32_1.0.100.202602081740/tools/bin/../lib/gcc/arm-none-eabi/14.3.1/thumb/v6-m/nofp/crtbegin.o
                0x08000a78                        PROVIDE (__init_array_end = .)
                0x08000a78                        . = ALIGN (0x4)

.fini_array     0x08000a78        0x4
                0x08000a78                        . = ALIGN (0x4)
                [!provide]                        PROVIDE (__fini_array_start = .)
 *(SORT_BY_NAME(.fini_array.*))
 *(.fini_array*)
 .fini_array    0x08000a78        0x4 C:/ST/STM32CubeIDE_2.1.1/STM32CubeIDE/plugins/com.st.stm32cube.ide.mcu.externaltools.gnu-tools-for-stm32.14.3.rel1.win32_1.0.100.202602081740/tools/bin/../lib/gcc/arm-none-eabi/14.3.1/thumb/v6-m/nofp/crtbegin.o
                [!provide]                        PROVIDE (__fini_array_end = .)
                0x08000a7c                        . = ALIGN (0x4)
                0x08000a7c                        _sidata = LOADADDR (.data)

.rel.dyn        0x08000a7c        0x0
 .rel.iplt      0x08000a7c        0x0 C:/ST/STM32CubeIDE_2.1.1/STM32CubeIDE/plugins/com.st.stm32cube.ide.mcu.externaltools.gnu-tools-for-stm32.14.3.rel1.win32_1.0.100.202602081740/tools/bin/../lib/gcc/arm-none-eabi/14.3.1/thumb/v6-m/nofp/crtbegin.o

.data           0x20000000        0x0 load address 0x08000a7c
                0x20000000                        . = ALIGN (0x4)
                0x20000000                        _sdata = .
 *(.data)
 *(.data*)
 *(.RamFunc)
 *(.RamFunc*)
                0x20000000                        . = ALIGN (0x4)
                0x20000000                        _edata = .

.igot.plt       0x20000000        0x0 load address 0x08000a7c
 .igot.plt      0x20000000        0x0 C:/ST/STM32CubeIDE_2.1.1/STM32CubeIDE/plugins/com.st.stm32cube.ide.mcu.externaltools.gnu-tools-for-stm32.14.3.rel1.win32_1.0.100.202602081740/tools/bin/../lib/gcc/arm-none-eabi/14.3.1/thumb/v6-m/nofp/crtbegin.o
                0x20000000                        . = ALIGN (0x4)

.bss            0x20000000       0x1c load address 0x08000a7c
                0x20000000                        _sbss = .
                0x20000000                        __bss_start__ = _sbss
 *(.bss)
 .bss           0x20000000       0x1c C:/ST/STM32CubeIDE_2.1.1/STM32CubeIDE/plugins/com.st.stm32cube.ide.mcu.externaltools.gnu-tools-for-stm32.14.3.rel1.win32_1.0.100.202602081740/tools/bin/../lib/gcc/arm-none-eabi/14.3.1/thumb/v6-m/nofp/crtbegin.o
 *(.bss*)
 *(COMMON)
                0x2000001c                        . = ALIGN (0x4)
                0x2000001c                        _ebss = .
                0x2000001c                        __bss_end__ = _ebss

._user_heap_stack
                0x2000001c      0x604 load address 0x08000a7c
                0x20000020                        . = ALIGN (0x8)
 *fill*         0x2000001c        0x4 
                [!provide]                        PROVIDE (end = .)
                0x20000020                        PROVIDE (_end = .)
                0x20000220                        . = (. + _Min_Heap_Size)
 *fill*         0x20000020      0x200 
                0x20000620                        . = (. + _Min_Stack_Size)
 *fill*         0x20000220      0x400 
                0x20000620                        . = ALIGN (0x8)

/DISCARD/
 libc.a(*)
 libm.a(*)
 libgcc.a(*)

.ARM.attributes
                0x00000000       0x28
 *(.ARM.attributes)
 .ARM.attributes
                0x00000000       0x1e C:/ST/STM32CubeIDE_2.1.1/STM32CubeIDE/plugins/com.st.stm32cube.ide.mcu.externaltools.gnu-tools-for-stm32.14.3.rel1.win32_1.0.100.202602081740/tools/bin/../lib/gcc/arm-none-eabi/14.3.1/thumb/v6-m/nofp/crti.o
 .ARM.attributes
                0x0000001e       0x2c C:/ST/STM32CubeIDE_2.1.1/STM32CubeIDE/plugins/com.st.stm32cube.ide.mcu.externaltools.gnu-tools-for-stm32.14.3.rel1.win32_1.0.100.202602081740/tools/bin/../lib/gcc/arm-none-eabi/14.3.1/thumb/v6-m/nofp/crtbegin.o
 .ARM.attributes
                0x0000004a       0x2c ./Core/Src/CLK_CONFIG.o
 .ARM.attributes
                0x00000076       0x2c ./Core/Src/I2C_DRIVER.o
 .ARM.attributes
                0x000000a2       0x2c ./Core/Src/IMAGES.o
 .ARM.attributes
                0x000000ce       0x2c ./Core/Src/SSD1309_CMD..o
 .ARM.attributes
                0x000000fa       0x2c ./Core/Src/main.o
 .ARM.attributes
                0x00000126       0x2c ./Core/Src/system_stm32c0xx.o
 .ARM.attributes
                0x00000152       0x22 ./Core/Startup/startup_stm32c031c6tx.o
 .ARM.attributes
                0x00000174       0x2c C:/ST/STM32CubeIDE_2.1.1/STM32CubeIDE/plugins/com.st.stm32cube.ide.mcu.externaltools.gnu-tools-for-stm32.14.3.rel1.win32_1.0.100.202602081740/tools/bin/../lib/gcc/arm-none-eabi/14.3.1/../../../../arm-none-eabi/lib/thumb/v6-m/nofp\libc_nano.a(libc_a-init.o)
 .ARM.attributes
                0x000001a0       0x1e C:/ST/STM32CubeIDE_2.1.1/STM32CubeIDE/plugins/com.st.stm32cube.ide.mcu.externaltools.gnu-tools-for-stm32.14.3.rel1.win32_1.0.100.202602081740/tools/bin/../lib/gcc/arm-none-eabi/14.3.1/thumb/v6-m/nofp/crtn.o
OUTPUT(SSD1309_I2C.elf elf32-littlearm)
LOAD linker stubs
LOAD C:/ST/STM32CubeIDE_2.1.1/STM32CubeIDE/plugins/com.st.stm32cube.ide.mcu.externaltools.gnu-tools-for-stm32.14.3.rel1.win32_1.0.100.202602081740/tools/bin/../lib/gcc/arm-none-eabi/14.3.1/../../../../arm-none-eabi/lib/thumb/v6-m/nofp\libc.a
LOAD C:/ST/STM32CubeIDE_2.1.1/STM32CubeIDE/plugins/com.st.stm32cube.ide.mcu.externaltools.gnu-tools-for-stm32.14.3.rel1.win32_1.0.100.202602081740/tools/bin/../lib/gcc/arm-none-eabi/14.3.1/../../../../arm-none-eabi/lib/thumb/v6-m/nofp\libm.a
LOAD C:/ST/STM32CubeIDE_2.1.1/STM32CubeIDE/plugins/com.st.stm32cube.ide.mcu.externaltools.gnu-tools-for-stm32.14.3.rel1.win32_1.0.100.202602081740/tools/bin/../lib/gcc/arm-none-eabi/14.3.1/thumb/v6-m/nofp\libgcc.a

.debug_info     0x00000000      0xc7c
 .debug_info    0x00000000      0x1ed ./Core/Src/CLK_CONFIG.o
 .debug_info    0x000001ed      0x468 ./Core/Src/I2C_DRIVER.o
 .debug_info    0x00000655       0xde ./Core/Src/IMAGES.o
 .debug_info    0x00000733       0xad ./Core/Src/SSD1309_CMD..o
 .debug_info    0x000007e0      0x100 ./Core/Src/main.o
 .debug_info    0x000008e0      0x36c ./Core/Src/system_stm32c0xx.o
 .debug_info    0x00000c4c       0x30 ./Core/Startup/startup_stm32c031c6tx.o

.debug_abbrev   0x00000000      0x507
 .debug_abbrev  0x00000000       0xbe ./Core/Src/CLK_CONFIG.o
 .debug_abbrev  0x000000be      0x153 ./Core/Src/I2C_DRIVER.o
 .debug_abbrev  0x00000211       0x76 ./Core/Src/IMAGES.o
 .debug_abbrev  0x00000287       0x70 ./Core/Src/SSD1309_CMD..o
 .debug_abbrev  0x000002f7       0xd3 ./Core/Src/main.o
 .debug_abbrev  0x000003ca      0x119 ./Core/Src/system_stm32c0xx.o
 .debug_abbrev  0x000004e3       0x24 ./Core/Startup/startup_stm32c031c6tx.o

.debug_aranges  0x00000000       0xf8
 .debug_aranges
                0x00000000       0x20 ./Core/Src/CLK_CONFIG.o
 .debug_aranges
                0x00000020       0x30 ./Core/Src/I2C_DRIVER.o
 .debug_aranges
                0x00000050       0x18 ./Core/Src/IMAGES.o
 .debug_aranges
                0x00000068       0x20 ./Core/Src/SSD1309_CMD..o
 .debug_aranges
                0x00000088       0x20 ./Core/Src/main.o
 .debug_aranges
                0x000000a8       0x28 ./Core/Src/system_stm32c0xx.o
 .debug_aranges
                0x000000d0       0x28 ./Core/Startup/startup_stm32c031c6tx.o

.debug_rnglists
                0x00000000       0x8f
 .debug_rnglists
                0x00000000       0x13 ./Core/Src/CLK_CONFIG.o
 .debug_rnglists
                0x00000013       0x22 ./Core/Src/I2C_DRIVER.o
 .debug_rnglists
                0x00000035       0x14 ./Core/Src/SSD1309_CMD..o
 .debug_rnglists
                0x00000049       0x13 ./Core/Src/main.o
 .debug_rnglists
                0x0000005c       0x1a ./Core/Src/system_stm32c0xx.o
 .debug_rnglists
                0x00000076       0x19 ./Core/Startup/startup_stm32c031c6tx.o

.debug_macro    0x00000000     0xaedb
 .debug_macro   0x00000000       0xc3 ./Core/Src/CLK_CONFIG.o
 .debug_macro   0x000000c3      0xaae ./Core/Src/CLK_CONFIG.o
 .debug_macro   0x00000b71       0x2e ./Core/Src/CLK_CONFIG.o
 .debug_macro   0x00000b9f       0x28 ./Core/Src/CLK_CONFIG.o
 .debug_macro   0x00000bc7       0x22 ./Core/Src/CLK_CONFIG.o
 .debug_macro   0x00000be9       0x8e ./Core/Src/CLK_CONFIG.o
 .debug_macro   0x00000c77       0x51 ./Core/Src/CLK_CONFIG.o
 .debug_macro   0x00000cc8      0x103 ./Core/Src/CLK_CONFIG.o
 .debug_macro   0x00000dcb       0x6a ./Core/Src/CLK_CONFIG.o
 .debug_macro   0x00000e35      0x1df ./Core/Src/CLK_CONFIG.o
 .debug_macro   0x00001014       0x1c ./Core/Src/CLK_CONFIG.o
 .debug_macro   0x00001030       0x22 ./Core/Src/CLK_CONFIG.o
 .debug_macro   0x00001052       0xd1 ./Core/Src/CLK_CONFIG.o
 .debug_macro   0x00001123      0x4da ./Core/Src/CLK_CONFIG.o
 .debug_macro   0x000015fd      0x11f ./Core/Src/CLK_CONFIG.o
 .debug_macro   0x0000171c     0x93cf ./Core/Src/CLK_CONFIG.o
 .debug_macro   0x0000aaeb       0x6d ./Core/Src/CLK_CONFIG.o
 .debug_macro   0x0000ab58       0xd9 ./Core/Src/I2C_DRIVER.o
 .debug_macro   0x0000ac31       0x6d ./Core/Src/IMAGES.o
 .debug_macro   0x0000ac9e       0x6d ./Core/Src/SSD1309_CMD..o
 .debug_macro   0x0000ad0b       0xef ./Core/Src/main.o
 .debug_macro   0x0000adfa       0xe1 ./Core/Src/system_stm32c0xx.o

.debug_line     0x00000000     0x1fc9
 .debug_line    0x00000000      0x534 ./Core/Src/CLK_CONFIG.o
 .debug_line    0x00000534      0x73c ./Core/Src/I2C_DRIVER.o
 .debug_line    0x00000c70      0x410 ./Core/Src/IMAGES.o
 .debug_line    0x00001080      0x445 ./Core/Src/SSD1309_CMD..o
 .debug_line    0x000014c5      0x538 ./Core/Src/main.o
 .debug_line    0x000019fd      0x54f ./Core/Src/system_stm32c0xx.o
 .debug_line    0x00001f4c       0x7d ./Core/Startup/startup_stm32c031c6tx.o

.debug_str      0x00000000    0x3c26a
 .debug_str     0x00000000    0x3c26a ./Core/Src/CLK_CONFIG.o
                              0x3c0b9 (size before relaxing)
 .debug_str     0x0003c26a    0x3c1b1 ./Core/Src/I2C_DRIVER.o
 .debug_str     0x0003c26a     0x3cdc ./Core/Src/IMAGES.o
 .debug_str     0x0003c26a     0x3ce1 ./Core/Src/SSD1309_CMD..o
 .debug_str     0x0003c26a    0x3c077 ./Core/Src/main.o
 .debug_str     0x0003c26a    0x3c19d ./Core/Src/system_stm32c0xx.o
 .debug_str     0x0003c26a       0x80 ./Core/Startup/startup_stm32c031c6tx.o

.comment        0x00000000       0x43
 .comment       0x00000000       0x43 ./Core/Src/CLK_CONFIG.o
                                 0x44 (size before relaxing)
 .comment       0x00000043       0x44 ./Core/Src/I2C_DRIVER.o
 .comment       0x00000043       0x44 ./Core/Src/IMAGES.o
 .comment       0x00000043       0x44 ./Core/Src/SSD1309_CMD..o
 .comment       0x00000043       0x44 ./Core/Src/main.o
 .comment       0x00000043       0x44 ./Core/Src/system_stm32c0xx.o

.debug_frame    0x00000000      0x16c
 .debug_frame   0x00000000       0x30 ./Core/Src/CLK_CONFIG.o
 .debug_frame   0x00000030       0x6c ./Core/Src/I2C_DRIVER.o
 .debug_frame   0x0000009c       0x2c ./Core/Src/SSD1309_CMD..o
 .debug_frame   0x000000c8       0x2c ./Core/Src/main.o
 .debug_frame   0x000000f4       0x4c ./Core/Src/system_stm32c0xx.o
 .debug_frame   0x00000140       0x2c C:/ST/STM32CubeIDE_2.1.1/STM32CubeIDE/plugins/com.st.stm32cube.ide.mcu.externaltools.gnu-tools-for-stm32.14.3.rel1.win32_1.0.100.202602081740/tools/bin/../lib/gcc/arm-none-eabi/14.3.1/../../../../arm-none-eabi/lib/thumb/v6-m/nofp\libc_nano.a(libc_a-init.o)

.debug_line_str
                0x00000000       0x64
 .debug_line_str
                0x00000000       0x64 ./Core/Startup/startup_stm32c031c6tx.o
